Archive member included to satisfy reference by file (symbol)

d:/stm32cubeide_1.7.0/stm32cubeide/plugins/com.st.stm32cube.ide.mcu.externaltools.gnu-tools-for-stm32.9-2020-q2-update.win32_2.0.0.202105311346/tools/bin/../lib/gcc/arm-none-eabi/9.3.1/../../../../arm-none-eabi/lib/thumb/v7-m/nofp\libc_nano.a(lib_a-errno.o)
                              ./Core/Src/syscalls.o (__errno)
d:/stm32cubeide_1.7.0/stm32cubeide/plugins/com.st.stm32cube.ide.mcu.externaltools.gnu-tools-for-stm32.9-2020-q2-update.win32_2.0.0.202105311346/tools/bin/../lib/gcc/arm-none-eabi/9.3.1/../../../../arm-none-eabi/lib/thumb/v7-m/nofp\libc_nano.a(lib_a-exit.o)
                              d:/stm32cubeide_1.7.0/stm32cubeide/plugins/com.st.stm32cube.ide.mcu.externaltools.gnu-tools-for-stm32.9-2020-q2-update.win32_2.0.0.202105311346/tools/bin/../lib/gcc/arm-none-eabi/9.3.1/../../../../arm-none-eabi/lib/thumb/v7-m/nofp/crt0.o (exit)
d:/stm32cubeide_1.7.0/stm32cubeide/plugins/com.st.stm32cube.ide.mcu.externaltools.gnu-tools-for-stm32.9-2020-q2-update.win32_2.0.0.202105311346/tools/bin/../lib/gcc/arm-none-eabi/9.3.1/../../../../arm-none-eabi/lib/thumb/v7-m/nofp\libc_nano.a(lib_a-impure.o)
                              d:/stm32cubeide_1.7.0/stm32cubeide/plugins/com.st.stm32cube.ide.mcu.externaltools.gnu-tools-for-stm32.9-2020-q2-update.win32_2.0.0.202105311346/tools/bin/../lib/gcc/arm-none-eabi/9.3.1/../../../../arm-none-eabi/lib/thumb/v7-m/nofp\libc_nano.a(lib_a-exit.o) (_global_impure_ptr)
d:/stm32cubeide_1.7.0/stm32cubeide/plugins/com.st.stm32cube.ide.mcu.externaltools.gnu-tools-for-stm32.9-2020-q2-update.win32_2.0.0.202105311346/tools/bin/../lib/gcc/arm-none-eabi/9.3.1/../../../../arm-none-eabi/lib/thumb/v7-m/nofp\libc_nano.a(lib_a-init.o)
                              d:/stm32cubeide_1.7.0/stm32cubeide/plugins/com.st.stm32cube.ide.mcu.externaltools.gnu-tools-for-stm32.9-2020-q2-update.win32_2.0.0.202105311346/tools/bin/../lib/gcc/arm-none-eabi/9.3.1/../../../../arm-none-eabi/lib/thumb/v7-m/nofp/crt0.o (__libc_init_array)
d:/stm32cubeide_1.7.0/stm32cubeide/plugins/com.st.stm32cube.ide.mcu.externaltools.gnu-tools-for-stm32.9-2020-q2-update.win32_2.0.0.202105311346/tools/bin/../lib/gcc/arm-none-eabi/9.3.1/../../../../arm-none-eabi/lib/thumb/v7-m/nofp\libc_nano.a(lib_a-memset.o)
                              d:/stm32cubeide_1.7.0/stm32cubeide/plugins/com.st.stm32cube.ide.mcu.externaltools.gnu-tools-for-stm32.9-2020-q2-update.win32_2.0.0.202105311346/tools/bin/../lib/gcc/arm-none-eabi/9.3.1/../../../../arm-none-eabi/lib/thumb/v7-m/nofp/crt0.o (memset)

Allocating common symbols
Common symbol       size              file

uwTick              0x4               ./Drivers/STM32F1xx_HAL_Driver/Src/stm32f1xx_hal.o
pFlash              0x20              ./Drivers/STM32F1xx_HAL_Driver/Src/stm32f1xx_hal_flash.o
htim2               0x48              ./Core/Src/main.o

Discarded input sections

 .text          0x0000000000000000        0x0 d:/stm32cubeide_1.7.0/stm32cubeide/plugins/com.st.stm32cube.ide.mcu.externaltools.gnu-tools-for-stm32.9-2020-q2-update.win32_2.0.0.202105311346/tools/bin/../lib/gcc/arm-none-eabi/9.3.1/thumb/v7-m/nofp/crti.o
 .data          0x0000000000000000        0x0 d:/stm32cubeide_1.7.0/stm32cubeide/plugins/com.st.stm32cube.ide.mcu.externaltools.gnu-tools-for-stm32.9-2020-q2-update.win32_2.0.0.202105311346/tools/bin/../lib/gcc/arm-none-eabi/9.3.1/thumb/v7-m/nofp/crti.o
 .bss           0x0000000000000000        0x0 d:/stm32cubeide_1.7.0/stm32cubeide/plugins/com.st.stm32cube.ide.mcu.externaltools.gnu-tools-for-stm32.9-2020-q2-update.win32_2.0.0.202105311346/tools/bin/../lib/gcc/arm-none-eabi/9.3.1/thumb/v7-m/nofp/crti.o
 .data          0x0000000000000000        0x4 d:/stm32cubeide_1.7.0/stm32cubeide/plugins/com.st.stm32cube.ide.mcu.externaltools.gnu-tools-for-stm32.9-2020-q2-update.win32_2.0.0.202105311346/tools/bin/../lib/gcc/arm-none-eabi/9.3.1/thumb/v7-m/nofp/crtbegin.o
 .text          0x0000000000000000       0x7c d:/stm32cubeide_1.7.0/stm32cubeide/plugins/com.st.stm32cube.ide.mcu.externaltools.gnu-tools-for-stm32.9-2020-q2-update.win32_2.0.0.202105311346/tools/bin/../lib/gcc/arm-none-eabi/9.3.1/../../../../arm-none-eabi/lib/thumb/v7-m/nofp/crt0.o
 .data          0x0000000000000000        0x0 d:/stm32cubeide_1.7.0/stm32cubeide/plugins/com.st.stm32cube.ide.mcu.externaltools.gnu-tools-for-stm32.9-2020-q2-update.win32_2.0.0.202105311346/tools/bin/../lib/gcc/arm-none-eabi/9.3.1/../../../../arm-none-eabi/lib/thumb/v7-m/nofp/crt0.o
 .bss           0x0000000000000000        0x0 d:/stm32cubeide_1.7.0/stm32cubeide/plugins/com.st.stm32cube.ide.mcu.externaltools.gnu-tools-for-stm32.9-2020-q2-update.win32_2.0.0.202105311346/tools/bin/../lib/gcc/arm-none-eabi/9.3.1/../../../../arm-none-eabi/lib/thumb/v7-m/nofp/crt0.o
[...]
Memory Configuration

Name             Origin             Length             Attributes
RAM              0x0000000020000000 0x0000000000002800 xrw
FLASH            0x0000000008000000 0x0000000000008000 xr
*default*        0x0000000000000000 0xffffffffffffffff

Linker script and memory map

LOAD d:/stm32cubeide_1.7.0/stm32cubeide/plugins/com.st.stm32cube.ide.mcu.externaltools.gnu-tools-for-stm32.9-2020-q2-update.win32_2.0.0.202105311346/tools/bin/../lib/gcc/arm-none-eabi/9.3.1/thumb/v7-m/nofp/crti.o
LOAD d:/stm32cubeide_1.7.0/stm32cubeide/plugins/com.st.stm32cube.ide.mcu.externaltools.gnu-tools-for-stm32.9-2020-q2-update.win32_2.0.0.202105311346/tools/bin/../lib/gcc/arm-none-eabi/9.3.1/thumb/v7-m/nofp/crtbegin.o
LOAD d:/stm32cubeide_1.7.0/stm32cubeide/plugins/com.st.stm32cube.ide.mcu.externaltools.gnu-tools-for-stm32.9-2020-q2-update.win32_2.0.0.202105311346/tools/bin/../lib/gcc/arm-none-eabi/9.3.1/../../../../arm-none-eabi/lib/thumb/v7-m/nofp/crt0.o
LOAD ./Core/Src/button.o
LOAD ./Core/Src/fsm.o
LOAD ./Core/Src/global.o
LOAD ./Core/Src/main.o
LOAD ./Core/Src/software_timer.o
LOAD ./Core/Src/stm32f1xx_hal_msp.o
LOAD ./Core/Src/stm32f1xx_it.o
LOAD ./Core/Src/syscalls.o
LOAD ./Core/Src/sysmem.o
LOAD ./Core/Src/system_stm32f1xx.o
LOAD ./Core/Startup/startup_stm32f103c6tx.o
LOAD ./Drivers/STM32F1xx_HAL_Driver/Src/stm32f1xx_hal.o
LOAD ./Drivers/STM32F1xx_HAL_Driver/Src/stm32f1xx_hal_cortex.o
LOAD ./Drivers/STM32F1xx_HAL_Driver/Src/stm32f1xx_hal_dma.o
LOAD ./Drivers/STM32F1xx_HAL_Driver/Src/stm32f1xx_hal_exti.o
LOAD ./Drivers/STM32F1xx_HAL_Driver/Src/stm32f1xx_hal_flash.o
LOAD ./Drivers/STM32F1xx_HAL_Driver/Src/stm32f1xx_hal_flash_ex.o
LOAD ./Drivers/STM32F1xx_HAL_Driver/Src/stm32f1xx_hal_gpio.o
LOAD ./Drivers/STM32F1xx_HAL_Driver/Src/stm32f1xx_hal_gpio_ex.o
LOAD ./Drivers/STM32F1xx_HAL_Driver/Src/stm32f1xx_hal_pwr.o
LOAD ./Drivers/STM32F1xx_HAL_Driver/Src/stm32f1xx_hal_rcc.o
LOAD ./Drivers/STM32F1xx_HAL_Driver/Src/stm32f1xx_hal_rcc_ex.o
LOAD ./Drivers/STM32F1xx_HAL_Driver/Src/stm32f1xx_hal_tim.o
LOAD ./Drivers/STM32F1xx_HAL_Driver/Src/stm32f1xx_hal_tim_ex.o
START GROUP
LOAD d:/stm32cubeide_1.7.0/stm32cubeide/plugins/com.st.stm32cube.ide.mcu.externaltools.gnu-tools-for-stm32.9-2020-q2-update.win32_2.0.0.202105311346/tools/bin/../lib/gcc/arm-none-eabi/9.3.1/../../../../arm-none-eabi/lib/thumb/v7-m/nofp\libc_nano.a
LOAD d:/stm32cubeide_1.7.0/stm32cubeide/plugins/com.st.stm32cube.ide.mcu.externaltools.gnu-tools-for-stm32.9-2020-q2-update.win32_2.0.0.202105311346/tools/bin/../lib/gcc/arm-none-eabi/9.3.1/../../../../arm-none-eabi/lib/thumb/v7-m/nofp\libm.a
END GROUP
START GROUP
LOAD d:/stm32cubeide_1.7.0/stm32cubeide/plugins/com.st.stm32cube.ide.mcu.externaltools.gnu-tools-for-stm32.9-2020-q2-update.win32_2.0.0.202105311346/tools/bin/../lib/gcc/arm-none-eabi/9.3.1/thumb/v7-m/nofp\libgcc.a
LOAD d:/stm32cubeide_1.7.0/stm32cubeide/plugins/com.st.stm32cube.ide.mcu.externaltools.gnu-tools-for-stm32.9-2020-q2-update.win32_2.0.0.202105311346/tools/bin/../lib/gcc/arm-none-eabi/9.3.1/../../../../arm-none-eabi/lib/thumb/v7-m/nofp\libc_nano.a
END GROUP
START GROUP
LOAD d:/stm32cubeide_1.7.0/stm32cubeide/plugins/com.st.stm32cube.ide.mcu.externaltools.gnu-tools-for-stm32.9-2020-q2-update.win32_2.0.0.202105311346/tools/bin/../lib/gcc/arm-none-eabi/9.3.1/thumb/v7-m/nofp\libgcc.a
LOAD d:/stm32cubeide_1.7.0/stm32cubeide/plugins/com.st.stm32cube.ide.mcu.externaltools.gnu-tools-for-stm32.9-2020-q2-update.win32_2.0.0.202105311346/tools/bin/../lib/gcc/arm-none-eabi/9.3.1/../../../../arm-none-eabi/lib/thumb/v7-m/nofp\libc_nano.a
LOAD d:/stm32cubeide_1.7.0/stm32cubeide/plugins/com.st.stm32cube.ide.mcu.externaltools.gnu-tools-for-stm32.9-2020-q2-update.win32_2.0.0.202105311346/tools/bin/../lib/gcc/arm-none-eabi/9.3.1/../../../../arm-none-eabi/lib/thumb/v7-m/nofp\libnosys.a
END GROUP
START GROUP
LOAD d:/stm32cubeide_1.7.0/stm32cubeide/plugins/com.st.stm32cube.ide.mcu.externaltools.gnu-tools-for-stm32.9-2020-q2-update.win32_2.0.0.202105311346/tools/bin/../lib/gcc/arm-none-eabi/9.3.1/thumb/v7-m/nofp\libgcc.a
LOAD d:/stm32cubeide_1.7.0/stm32cubeide/plugins/com.st.stm32cube.ide.mcu.externaltools.gnu-tools-for-stm32.9-2020-q2-update.win32_2.0.0.202105311346/tools/bin/../lib/gcc/arm-none-eabi/9.3.1/../../../../arm-none-eabi/lib/thumb/v7-m/nofp\libc_nano.a
LOAD d:/stm32cubeide_1.7.0/stm32cubeide/plugins/com.st.stm32cube.ide.mcu.externaltools.gnu-tools-for-stm32.9-2020-q2-update.win32_2.0.0.202105311346/tools/bin/../lib/gcc/arm-none-eabi/9.3.1/../../../../arm-none-eabi/lib/thumb/v7-m/nofp\libnosys.a
END GROUP
LOAD d:/stm32cubeide_1.7.0/stm32cubeide/plugins/com.st.stm32cube.ide.mcu.externaltools.gnu-tools-for-stm32.9-2020-q2-update.win32_2.0.0.202105311346/tools/bin/../lib/gcc/arm-none-eabi/9.3.1/thumb/v7-m/nofp/crtend.o
LOAD d:/stm32cubeide_1.7.0/stm32cubeide/plugins/com.st.stm32cube.ide.mcu.externaltools.gnu-tools-for-stm32.9-2020-q2-update.win32_2.0.0.202105311346/tools/bin/../lib/gcc/arm-none-eabi/9.3.1/thumb/v7-m/nofp/crtn.o
                0x0000000020002800                _estack = (ORIGIN (RAM) + LENGTH (RAM))
                0x0000000000000200                _Min_Heap_Size = 0x200
                0x0000000000000400                _Min_Stack_Size = 0x400

.isr_vector     0x0000000008000000      0x10c
                0x0000000008000000                . = ALIGN (0x4)
 *(.isr_vector)
 .isr_vector    0x0000000008000000      0x10c ./Core/Startup/startup_stm32f103c6tx.o
                0x0000000008000000                g_pfnVectors
                0x000000000800010c                . = ALIGN (0x4)

.text           0x000000000800010c     0x21a4
                0x000000000800010c                . = ALIGN (0x4)
 *(.text)
 .text          0x000000000800010c       0x40 d:/stm32cubeide_1.7.0/stm32cubeide/plugins/com.st.stm32cube.ide.mcu.externaltools.gnu-tools-for-stm32.9-2020-q2-update.win32_2.0.0.202105311346/tools/bin/../lib/gcc/arm-none-eabi/9.3.1/thumb/v7-m/nofp/crtbegin.o
 *(.text*)
 .text.isResetButtonPressed
                0x000000000800014c       0x30 ./Core/Src/button.o
                0x000000000800014c                isResetButtonPressed
 .text.isIncreaseButtonPressed
                0x000000000800017c       0x30 ./Core/Src/button.o
                0x000000000800017c                isIncreaseButtonPressed
 .text.isDecreaseButtonPressed
                0x00000000080001ac       0x30 ./Core/Src/button.o
                0x00000000080001ac                isDecreaseButtonPressed
 .text.getKeyInput
                0x00000000080001dc      0x160 ./Core/Src/button.o
                0x00000000080001dc                getKeyInput
 .text.fsm_simple_button_run
                0x000000000800033c       0xbc ./Core/Src/fsm.o
                0x000000000800033c                fsm_simple_button_run
 .text.timeout10s_countdown
                0x00000000080003f8       0x3c ./Core/Src/fsm.o
                0x00000000080003f8                timeout10s_countdown
 .text.display7SEG
                0x0000000008000434      0x364 ./Core/Src/global.o
                0x0000000008000434                display7SEG
 .text.main     0x0000000008000798       0x8c ./Core/Src/main.o
                0x0000000008000798                main
 .text.SystemClock_Config
                0x0000000008000824       0x76 ./Core/Src/main.o
                0x0000000008000824                SystemClock_Config
 *fill*         0x000000000800089a        0x2 
 .text.MX_TIM2_Init
                0x000000000800089c       0x98 ./Core/Src/main.o
 .text.MX_GPIO_Init
                0x0000000008000934       0xc0 ./Core/Src/main.o
 .text.HAL_TIM_PeriodElapsedCallback
                0x00000000080009f4       0x18 ./Core/Src/main.o
                0x00000000080009f4                HAL_TIM_PeriodElapsedCallback
 .text.Error_Handler
                0x0000000008000a0c        0xa ./Core/Src/main.o
                0x0000000008000a0c                Error_Handler
 *fill*         0x0000000008000a16        0x2 
 .text.setTimer0
                0x0000000008000a18       0x34 ./Core/Src/software_timer.o
                0x0000000008000a18                setTimer0
 .text.setTimer1
                0x0000000008000a4c       0x34 ./Core/Src/software_timer.o
                0x0000000008000a4c                setTimer1
 .text.timer_run
                0x0000000008000a80       0x5c ./Core/Src/software_timer.o
                0x0000000008000a80                timer_run
 .text.HAL_MspInit
                0x0000000008000adc       0x64 ./Core/Src/stm32f1xx_hal_msp.o
                0x0000000008000adc                HAL_MspInit
 .text.HAL_TIM_Base_MspInit
                0x0000000008000b40       0x48 ./Core/Src/stm32f1xx_hal_msp.o
                0x0000000008000b40                HAL_TIM_Base_MspInit
 .text.NMI_Handler
                0x0000000008000b88        0x6 ./Core/Src/stm32f1xx_it.o
                0x0000000008000b88                NMI_Handler
 .text.HardFault_Handler
                0x0000000008000b8e        0x6 ./Core/Src/stm32f1xx_it.o
                0x0000000008000b8e                HardFault_Handler
 .text.MemManage_Handler
                0x0000000008000b94        0x6 ./Core/Src/stm32f1xx_it.o
                0x0000000008000b94                MemManage_Handler
 .text.BusFault_Handler
                0x0000000008000b9a        0x6 ./Core/Src/stm32f1xx_it.o
                0x0000000008000b9a                BusFault_Handler
 .text.UsageFault_Handler
                0x0000000008000ba0        0x6 ./Core/Src/stm32f1xx_it.o
                0x0000000008000ba0                UsageFault_Handler
 .text.SVC_Handler
                0x0000000008000ba6        0xc ./Core/Src/stm32f1xx_it.o
                0x0000000008000ba6                SVC_Handler
 .text.DebugMon_Handler
                0x0000000008000bb2        0xc ./Core/Src/stm32f1xx_it.o
                0x0000000008000bb2                DebugMon_Handler
 .text.PendSV_Handler
                0x0000000008000bbe        0xc ./Core/Src/stm32f1xx_it.o
                0x0000000008000bbe                PendSV_Handler
 .text.SysTick_Handler
                0x0000000008000bca        0xc ./Core/Src/stm32f1xx_it.o
                0x0000000008000bca                SysTick_Handler
 *fill*         0x0000000008000bd6        0x2 
 .text.TIM2_IRQHandler
                0x0000000008000bd8       0x14 ./Core/Src/stm32f1xx_it.o
                0x0000000008000bd8                TIM2_IRQHandler
 .text.SystemInit
                0x0000000008000bec        0xc ./Core/Src/system_stm32f1xx.o
                0x0000000008000bec                SystemInit
 .text.Reset_Handler
                0x0000000008000bf8       0x48 ./Core/Startup/startup_stm32f103c6tx.o
                0x0000000008000bf8                Reset_Handler
 .text.Default_Handler
                0x0000000008000c40        0x2 ./Core/Startup/startup_stm32f103c6tx.o
                0x0000000008000c40                RTC_Alarm_IRQHandler
                0x0000000008000c40                EXTI2_IRQHandler
                0x0000000008000c40                TIM1_CC_IRQHandler
                0x0000000008000c40                PVD_IRQHandler
                0x0000000008000c40                EXTI3_IRQHandler
                0x0000000008000c40                EXTI0_IRQHandler
                0x0000000008000c40                ADC1_2_IRQHandler
                0x0000000008000c40                SPI1_IRQHandler
                0x0000000008000c40                TAMPER_IRQHandler
                0x0000000008000c40                DMA1_Channel4_IRQHandler
                0x0000000008000c40                RTC_IRQHandler
                0x0000000008000c40                DMA1_Channel7_IRQHandler
                0x0000000008000c40                CAN1_RX1_IRQHandler
                0x0000000008000c40                I2C1_EV_IRQHandler
                0x0000000008000c40                DMA1_Channel6_IRQHandler
                0x0000000008000c40                TIM3_IRQHandler
                0x0000000008000c40                RCC_IRQHandler
                0x0000000008000c40                TIM1_TRG_COM_IRQHandler
                0x0000000008000c40                DMA1_Channel1_IRQHandler
                0x0000000008000c40                Default_Handler
                0x0000000008000c40                EXTI15_10_IRQHandler
                0x0000000008000c40                EXTI9_5_IRQHandler
                0x0000000008000c40                DMA1_Channel5_IRQHandler
                0x0000000008000c40                EXTI4_IRQHandler
                0x0000000008000c40                USB_LP_CAN1_RX0_IRQHandler
                0x0000000008000c40                USB_HP_CAN1_TX_IRQHandler
                0x0000000008000c40                DMA1_Channel3_IRQHandler
                0x0000000008000c40                TIM1_UP_IRQHandler
                0x0000000008000c40                WWDG_IRQHandler
                0x0000000008000c40                TIM1_BRK_IRQHandler
                0x0000000008000c40                EXTI1_IRQHandler
                0x0000000008000c40                USART2_IRQHandler
                0x0000000008000c40                DMA1_Channel2_IRQHandler
                0x0000000008000c40                CAN1_SCE_IRQHandler
                0x0000000008000c40                FLASH_IRQHandler
                0x0000000008000c40                USART1_IRQHandler
                0x0000000008000c40                I2C1_ER_IRQHandler
                0x0000000008000c40                USBWakeUp_IRQHandler
 *fill*         0x0000000008000c42        0x2 
 .text.HAL_Init
                0x0000000008000c44       0x2c ./Drivers/STM32F1xx_HAL_Driver/Src/stm32f1xx_hal.o
                0x0000000008000c44                HAL_Init
 .text.HAL_InitTick
                0x0000000008000c70       0x60 ./Drivers/STM32F1xx_HAL_Driver/Src/stm32f1xx_hal.o
                0x0000000008000c70                HAL_InitTick
 .text.HAL_IncTick
                0x0000000008000cd0       0x24 ./Drivers/STM32F1xx_HAL_Driver/Src/stm32f1xx_hal.o
                0x0000000008000cd0                HAL_IncTick
 .text.HAL_GetTick
                0x0000000008000cf4       0x14 ./Drivers/STM32F1xx_HAL_Driver/Src/stm32f1xx_hal.o
                0x0000000008000cf4                HAL_GetTick
 .text.__NVIC_SetPriorityGrouping
                0x0000000008000d08       0x48 ./Drivers/STM32F1xx_HAL_Driver/Src/stm32f1xx_hal_cortex.o
 .text.__NVIC_GetPriorityGrouping
                0x0000000008000d50       0x1c ./Drivers/STM32F1xx_HAL_Driver/Src/stm32f1xx_hal_cortex.o
 .text.__NVIC_EnableIRQ
                0x0000000008000d6c       0x38 ./Drivers/STM32F1xx_HAL_Driver/Src/stm32f1xx_hal_cortex.o
 .text.__NVIC_SetPriority
                0x0000000008000da4       0x54 ./Drivers/STM32F1xx_HAL_Driver/Src/stm32f1xx_hal_cortex.o
 .text.NVIC_EncodePriority
                0x0000000008000df8       0x64 ./Drivers/STM32F1xx_HAL_Driver/Src/stm32f1xx_hal_cortex.o
 .text.SysTick_Config
                0x0000000008000e5c       0x44 ./Drivers/STM32F1xx_HAL_Driver/Src/stm32f1xx_hal_cortex.o
 .text.HAL_NVIC_SetPriorityGrouping
                0x0000000008000ea0       0x16 ./Drivers/STM32F1xx_HAL_Driver/Src/stm32f1xx_hal_cortex.o
                0x0000000008000ea0                HAL_NVIC_SetPriorityGrouping
 .text.HAL_NVIC_SetPriority
                0x0000000008000eb6       0x38 ./Drivers/STM32F1xx_HAL_Driver/Src/stm32f1xx_hal_cortex.o
                0x0000000008000eb6                HAL_NVIC_SetPriority
 .text.HAL_NVIC_EnableIRQ
                0x0000000008000eee       0x1c ./Drivers/STM32F1xx_HAL_Driver/Src/stm32f1xx_hal_cortex.o
                0x0000000008000eee                HAL_NVIC_EnableIRQ
 .text.HAL_SYSTICK_Config
                0x0000000008000f0a       0x18 ./Drivers/STM32F1xx_HAL_Driver/Src/stm32f1xx_hal_cortex.o
                0x0000000008000f0a                HAL_SYSTICK_Config
 *fill*         0x0000000008000f22        0x2 
 .text.HAL_GPIO_Init
                0x0000000008000f24      0x2f4 ./Drivers/STM32F1xx_HAL_Driver/Src/stm32f1xx_hal_gpio.o
                0x0000000008000f24                HAL_GPIO_Init
 .text.HAL_GPIO_ReadPin
                0x0000000008001218       0x2e ./Drivers/STM32F1xx_HAL_Driver/Src/stm32f1xx_hal_gpio.o
                0x0000000008001218                HAL_GPIO_ReadPin
 .text.HAL_GPIO_WritePin
                0x0000000008001246       0x30 ./Drivers/STM32F1xx_HAL_Driver/Src/stm32f1xx_hal_gpio.o
                0x0000000008001246                HAL_GPIO_WritePin
 .text.HAL_GPIO_TogglePin
                0x0000000008001276       0x32 ./Drivers/STM32F1xx_HAL_Driver/Src/stm32f1xx_hal_gpio.o
                0x0000000008001276                HAL_GPIO_TogglePin
 .text.HAL_RCC_OscConfig
                0x00000000080012a8      0x500 ./Drivers/STM32F1xx_HAL_Driver/Src/stm32f1xx_hal_rcc.o
                0x00000000080012a8                HAL_RCC_OscConfig
 .text.HAL_RCC_ClockConfig
                0x00000000080017a8      0x1d4 ./Drivers/STM32F1xx_HAL_Driver/Src/stm32f1xx_hal_rcc.o
                0x00000000080017a8                HAL_RCC_ClockConfig
 .text.HAL_RCC_GetSysClockFreq
                0x000000000800197c       0xc0 ./Drivers/STM32F1xx_HAL_Driver/Src/stm32f1xx_hal_rcc.o
                0x000000000800197c                HAL_RCC_GetSysClockFreq
 .text.RCC_Delay
                0x0000000008001a3c       0x3c ./Drivers/STM32F1xx_HAL_Driver/Src/stm32f1xx_hal_rcc.o
 .text.HAL_TIM_Base_Init
                0x0000000008001a78       0x9e ./Drivers/STM32F1xx_HAL_Driver/Src/stm32f1xx_hal_tim.o
                0x0000000008001a78                HAL_TIM_Base_Init
 *fill*         0x0000000008001b16        0x2 
 .text.HAL_TIM_Base_Start_IT
                0x0000000008001b18       0x98 ./Drivers/STM32F1xx_HAL_Driver/Src/stm32f1xx_hal_tim.o
                0x0000000008001b18                HAL_TIM_Base_Start_IT
 .text.HAL_TIM_IRQHandler
                0x0000000008001bb0      0x210 ./Drivers/STM32F1xx_HAL_Driver/Src/stm32f1xx_hal_tim.o
                0x0000000008001bb0                HAL_TIM_IRQHandler
 .text.HAL_TIM_ConfigClockSource
                0x0000000008001dc0      0x188 ./Drivers/STM32F1xx_HAL_Driver/Src/stm32f1xx_hal_tim.o
                0x0000000008001dc0                HAL_TIM_ConfigClockSource
 .text.HAL_TIM_OC_DelayElapsedCallback
                0x0000000008001f48       0x12 ./Drivers/STM32F1xx_HAL_Driver/Src/stm32f1xx_hal_tim.o
                0x0000000008001f48                HAL_TIM_OC_DelayElapsedCallback
 .text.HAL_TIM_IC_CaptureCallback
                0x0000000008001f5a       0x12 ./Drivers/STM32F1xx_HAL_Driver/Src/stm32f1xx_hal_tim.o
                0x0000000008001f5a                HAL_TIM_IC_CaptureCallback
 .text.HAL_TIM_PWM_PulseFinishedCallback
                0x0000000008001f6c       0x12 ./Drivers/STM32F1xx_HAL_Driver/Src/stm32f1xx_hal_tim.o
                0x0000000008001f6c                HAL_TIM_PWM_PulseFinishedCallback
 .text.HAL_TIM_TriggerCallback
                0x0000000008001f7e       0x12 ./Drivers/STM32F1xx_HAL_Driver/Src/stm32f1xx_hal_tim.o
                0x0000000008001f7e                HAL_TIM_TriggerCallback
 .text.TIM_Base_SetConfig
                0x0000000008001f90       0xb0 ./Drivers/STM32F1xx_HAL_Driver/Src/stm32f1xx_hal_tim.o
                0x0000000008001f90                TIM_Base_SetConfig
 .text.TIM_TI1_ConfigInputStage
                0x0000000008002040       0x5c ./Drivers/STM32F1xx_HAL_Driver/Src/stm32f1xx_hal_tim.o
 .text.TIM_TI2_ConfigInputStage
                0x000000000800209c       0x5e ./Drivers/STM32F1xx_HAL_Driver/Src/stm32f1xx_hal_tim.o
 .text.TIM_ITRx_SetConfig
                0x00000000080020fa       0x34 ./Drivers/STM32F1xx_HAL_Driver/Src/stm32f1xx_hal_tim.o
 .text.TIM_ETR_SetConfig
                0x000000000800212e       0x3e ./Drivers/STM32F1xx_HAL_Driver/Src/stm32f1xx_hal_tim.o
                0x000000000800212e                TIM_ETR_SetConfig
 .text.HAL_TIMEx_MasterConfigSynchronization
                0x000000000800216c       0xb0 ./Drivers/STM32F1xx_HAL_Driver/Src/stm32f1xx_hal_tim_ex.o
                0x000000000800216c                HAL_TIMEx_MasterConfigSynchronization
 .text.HAL_TIMEx_CommutCallback
                0x000000000800221c       0x12 ./Drivers/STM32F1xx_HAL_Driver/Src/stm32f1xx_hal_tim_ex.o
                0x000000000800221c                HAL_TIMEx_CommutCallback
 .text.HAL_TIMEx_BreakCallback
                0x000000000800222e       0x12 ./Drivers/STM32F1xx_HAL_Driver/Src/stm32f1xx_hal_tim_ex.o
                0x000000000800222e                HAL_TIMEx_BreakCallback
 .text.__libc_init_array
                0x0000000008002240       0x48 d:/stm32cubeide_1.7.0/stm32cubeide/plugins/com.st.stm32cube.ide.mcu.externaltools.gnu-tools-for-stm32.9-2020-q2-update.win32_2.0.0.202105311346/tools/bin/../lib/gcc/arm-none-eabi/9.3.1/../../../../arm-none-eabi/lib/thumb/v7-m/nofp\libc_nano.a(lib_a-init.o)
                0x0000000008002240                __libc_init_array
 .text.memset   0x0000000008002288       0x10 d:/stm32cubeide_1.7.0/stm32cubeide/plugins/com.st.stm32cube.ide.mcu.externaltools.gnu-tools-for-stm32.9-2020-q2-update.win32_2.0.0.202105311346/tools/bin/../lib/gcc/arm-none-eabi/9.3.1/../../../../arm-none-eabi/lib/thumb/v7-m/nofp\libc_nano.a(lib_a-memset.o)
                0x0000000008002288                memset
 *(.glue_7)
 .glue_7        0x0000000008002298        0x0 linker stubs
 *(.glue_7t)
 .glue_7t       0x0000000008002298        0x0 linker stubs
 *(.eh_frame)
 .eh_frame      0x0000000008002298        0x0 d:/stm32cubeide_1.7.0/stm32cubeide/plugins/com.st.stm32cube.ide.mcu.externaltools.gnu-tools-for-stm32.9-2020-q2-update.win32_2.0.0.202105311346/tools/bin/../lib/gcc/arm-none-eabi/9.3.1/thumb/v7-m/nofp/crtbegin.o
 *(.init)
 .init          0x0000000008002298        0x4 d:/stm32cubeide_1.7.0/stm32cubeide/plugins/com.st.stm32cube.ide.mcu.externaltools.gnu-tools-for-stm32.9-2020-q2-update.win32_2.0.0.202105311346/tools/bin/../lib/gcc/arm-none-eabi/9.3.1/thumb/v7-m/nofp/crti.o
                0x0000000008002298                _init
 .init          0x000000000800229c        0x8 d:/stm32cubeide_1.7.0/stm32cubeide/plugins/com.st.stm32cube.ide.mcu.externaltools.gnu-tools-for-stm32.9-2020-q2-update.win32_2.0.0.202105311346/tools/bin/../lib/gcc/arm-none-eabi/9.3.1/thumb/v7-m/nofp/crtn.o
 *(.fini)
 .fini          0x00000000080022a4        0x4 d:/stm32cubeide_1.7.0/stm32cubeide/plugins/com.st.stm32cube.ide.mcu.externaltools.gnu-tools-for-stm32.9-2020-q2-update.win32_2.0.0.202105311346/tools/bin/../lib/gcc/arm-none-eabi/9.3.1/thumb/v7-m/nofp/crti.o
                0x00000000080022a4                _fini
 .fini          0x00000000080022a8        0x8 d:/stm32cubeide_1.7.0/stm32cubeide/plugins/com.st.stm32cube.ide.mcu.externaltools.gnu-tools-for-stm32.9-2020-q2-update.win32_2.0.0.202105311346/tools/bin/../lib/gcc/arm-none-eabi/9.3.1/thumb/v7-m/nofp/crtn.o
                0x00000000080022b0                . = ALIGN (0x4)
                0x00000000080022b0                _etext = .

.vfp11_veneer   0x00000000080022b0        0x0
 .vfp11_veneer  0x00000000080022b0        0x0 linker stubs

.v4_bx          0x00000000080022b0        0x0
 .v4_bx         0x00000000080022b0        0x0 linker stubs

.iplt           0x00000000080022b0        0x0
 .iplt          0x00000000080022b0        0x0 d:/stm32cubeide_1.7.0/stm32cubeide/plugins/com.st.stm32cube.ide.mcu.externaltools.gnu-tools-for-stm32.9-2020-q2-update.win32_2.0.0.202105311346/tools/bin/../lib/gcc/arm-none-eabi/9.3.1/thumb/v7-m/nofp/crtbegin.o

.rodata         0x00000000080022b0       0x20
                0x00000000080022b0                . = ALIGN (0x4)
 *(.rodata)
 .rodata        0x00000000080022b0       0x10 ./Drivers/STM32F1xx_HAL_Driver/Src/stm32f1xx_hal_rcc.o
 *(.rodata*)
 .rodata.AHBPrescTable
                0x00000000080022c0       0x10 ./Core/Src/system_stm32f1xx.o
                0x00000000080022c0                AHBPrescTable
                0x00000000080022d0                . = ALIGN (0x4)

.rel.dyn        0x00000000080022d0        0x0
 .rel.iplt      0x00000000080022d0        0x0 d:/stm32cubeide_1.7.0/stm32cubeide/plugins/com.st.stm32cube.ide.mcu.externaltools.gnu-tools-for-stm32.9-2020-q2-update.win32_2.0.0.202105311346/tools/bin/../lib/gcc/arm-none-eabi/9.3.1/thumb/v7-m/nofp/crtbegin.o

.ARM.extab      0x00000000080022d0        0x0
                0x00000000080022d0                . = ALIGN (0x4)
 *(.ARM.extab* .gnu.linkonce.armextab.*)
                0x00000000080022d0                . = ALIGN (0x4)

.ARM            0x00000000080022d0        0x0
                0x00000000080022d0                . = ALIGN (0x4)
                0x00000000080022d0                __exidx_start = .
 *(.ARM.exidx*)
                0x00000000080022d0                __exidx_end = .
                0x00000000080022d0                . = ALIGN (0x4)

.preinit_array  0x00000000080022d0        0x0
                0x00000000080022d0                . = ALIGN (0x4)
                0x00000000080022d0                PROVIDE (__preinit_array_start = .)
 *(.preinit_array*)
                0x00000000080022d0                PROVIDE (__preinit_array_end = .)
                0x00000000080022d0                . = ALIGN (0x4)

.init_array     0x00000000080022d0        0x4
                0x00000000080022d0                . = ALIGN (0x4)
                0x00000000080022d0                PROVIDE (__init_array_start = .)
 *(SORT_BY_NAME(.init_array.*))
 *(.init_array*)
 .init_array    0x00000000080022d0        0x4 d:/stm32cubeide_1.7.0/stm32cubeide/plugins/com.st.stm32cube.ide.mcu.externaltools.gnu-tools-for-stm32.9-2020-q2-update.win32_2.0.0.202105311346/tools/bin/../lib/gcc/arm-none-eabi/9.3.1/thumb/v7-m/nofp/crtbegin.o
                0x00000000080022d4                PROVIDE (__init_array_end = .)
                0x00000000080022d4                . = ALIGN (0x4)

.fini_array     0x00000000080022d4        0x4
                0x00000000080022d4                . = ALIGN (0x4)
                [!provide]                        PROVIDE (__fini_array_start = .)
 *(SORT_BY_NAME(.fini_array.*))
 *(.fini_array*)
 .fini_array    0x00000000080022d4        0x4 d:/stm32cubeide_1.7.0/stm32cubeide/plugins/com.st.stm32cube.ide.mcu.externaltools.gnu-tools-for-stm32.9-2020-q2-update.win32_2.0.0.202105311346/tools/bin/../lib/gcc/arm-none-eabi/9.3.1/thumb/v7-m/nofp/crtbegin.o
                [!provide]                        PROVIDE (__fini_array_end = .)
                0x00000000080022d8                . = ALIGN (0x4)
                0x00000000080022d8                _sidata = LOADADDR (.data)

.data           0x0000000020000000       0x4c load address 0x00000000080022d8
                0x0000000020000000                . = ALIGN (0x4)
                0x0000000020000000                _sdata = .
 *(.data)
 *(.data*)
 .data.button_list
                0x0000000020000000        0x6 ./Core/Src/button.o
                0x0000000020000000                button_list
 *fill*         0x0000000020000006        0x2 
 .data.KeyReg0  0x0000000020000008        0xc ./Core/Src/button.o
                0x0000000020000008                KeyReg0
 .data.KeyReg1  0x0000000020000014        0xc ./Core/Src/button.o
                0x0000000020000014                KeyReg1
 .data.KeyReg2  0x0000000020000020        0xc ./Core/Src/button.o
                0x0000000020000020                KeyReg2
 .data.KeyReg3  0x000000002000002c        0xc ./Core/Src/button.o
                0x000000002000002c                KeyReg3
 .data.TimeOutForKeyPress
                0x0000000020000038        0x4 ./Core/Src/button.o
                0x0000000020000038                TimeOutForKeyPress
 .data.TIMER_CYCLE
                0x000000002000003c        0x4 ./Core/Src/software_timer.o
                0x000000002000003c                TIMER_CYCLE
 .data.SystemCoreClock
                0x0000000020000040        0x4 ./Core/Src/system_stm32f1xx.o
                0x0000000020000040                SystemCoreClock
 .data.uwTickPrio
                0x0000000020000044        0x4 ./Drivers/STM32F1xx_HAL_Driver/Src/stm32f1xx_hal.o
                0x0000000020000044                uwTickPrio
 .data.uwTickFreq
                0x0000000020000048        0x1 ./Drivers/STM32F1xx_HAL_Driver/Src/stm32f1xx_hal.o
                0x0000000020000048                uwTickFreq
 *(.RamFunc)
 *(.RamFunc*)
                0x000000002000004c                . = ALIGN (0x4)
 *fill*         0x0000000020000049        0x3 
                0x000000002000004c                _edata = .

.igot.plt       0x000000002000004c        0x0 load address 0x0000000008002324
 .igot.plt      0x000000002000004c        0x0 d:/stm32cubeide_1.7.0/stm32cubeide/plugins/com.st.stm32cube.ide.mcu.externaltools.gnu-tools-for-stm32.9-2020-q2-update.win32_2.0.0.202105311346/tools/bin/../lib/gcc/arm-none-eabi/9.3.1/thumb/v7-m/nofp/crtbegin.o
                0x000000002000004c                . = ALIGN (0x4)

.bss            0x000000002000004c       0x8c load address 0x0000000008002324
                0x000000002000004c                _sbss = .
                0x000000002000004c                __bss_start__ = _sbss
 *(.bss)
 .bss           0x000000002000004c       0x1c d:/stm32cubeide_1.7.0/stm32cubeide/plugins/com.st.stm32cube.ide.mcu.externaltools.gnu-tools-for-stm32.9-2020-q2-update.win32_2.0.0.202105311346/tools/bin/../lib/gcc/arm-none-eabi/9.3.1/thumb/v7-m/nofp/crtbegin.o
 *(.bss*)
 .bss.RESET_flag
                0x0000000020000068        0x4 ./Core/Src/button.o
                0x0000000020000068                RESET_flag
 .bss.INCREASE_flag
                0x000000002000006c        0x4 ./Core/Src/button.o
                0x000000002000006c                INCREASE_flag
 .bss.DECREASE_flag
                0x0000000020000070        0x4 ./Core/Src/button.o
                0x0000000020000070                DECREASE_flag
 .bss.status    0x0000000020000074        0x4 ./Core/Src/fsm.o
                0x0000000020000074                status
 .bss.led_counter
                0x0000000020000078        0x4 ./Core/Src/fsm.o
                0x0000000020000078                led_counter
 .bss.timer0_counter
                0x000000002000007c        0x4 ./Core/Src/software_timer.o
                0x000000002000007c                timer0_counter
 .bss.timer1_counter
                0x0000000020000080        0x4 ./Core/Src/software_timer.o
                0x0000000020000080                timer1_counter
 .bss.timer0_flag
                0x0000000020000084        0x4 ./Core/Src/software_timer.o
                0x0000000020000084                timer0_flag
 .bss.timer1_flag
                0x0000000020000088        0x4 ./Core/Src/software_timer.o
                0x0000000020000088                timer1_flag
 *(COMMON)
 COMMON         0x000000002000008c       0x48 ./Core/Src/main.o
                0x000000002000008c                htim2
 COMMON         0x00000000200000d4        0x4 ./Drivers/STM32F1xx_HAL_Driver/Src/stm32f1xx_hal.o
                0x00000000200000d4                uwTick
                0x00000000200000d8                . = ALIGN (0x4)
                0x00000000200000d8                _ebss = .
                0x00000000200000d8                __bss_end__ = _ebss

._user_heap_stack
                0x00000000200000d8      0x600 load address 0x0000000008002324
                0x00000000200000d8                . = ALIGN (0x8)
                [!provide]                        PROVIDE (end = .)
                0x00000000200000d8                PROVIDE (_end = .)
                0x00000000200002d8                . = (. + _Min_Heap_Size)
 *fill*         0x00000000200000d8      0x200 
                0x00000000200006d8                . = (. + _Min_Stack_Size)
 *fill*         0x00000000200002d8      0x400 
                0x00000000200006d8                . = ALIGN (0x8)

/DISCARD/
 libc.a(*)
 libm.a(*)
 libgcc.a(*)

.ARM.attributes
                0x0000000000000000       0x29
 *(.ARM.attributes)
 .ARM.attributes
                0x0000000000000000       0x1d d:/stm32cubeide_1.7.0/stm32cubeide/plugins/com.st.stm32cube.ide.mcu.externaltools.gnu-tools-for-stm32.9-2020-q2-update.win32_2.0.0.202105311346/tools/bin/../lib/gcc/arm-none-eabi/9.3.1/thumb/v7-m/nofp/crti.o
 .ARM.attributes
                0x000000000000001d       0x2d d:/stm32cubeide_1.7.0/stm32cubeide/plugins/com.st.stm32cube.ide.mcu.externaltools.gnu-tools-for-stm32.9-2020-q2-update.win32_2.0.0.202105311346/tools/bin/../lib/gcc/arm-none-eabi/9.3.1/thumb/v7-m/nofp/crtbegin.o
 .ARM.attributes
                0x000000000000004a       0x2d ./Core/Src/button.o
 .ARM.attributes
                0x0000000000000077       0x2d ./Core/Src/fsm.o
 .ARM.attributes
                0x00000000000000a4       0x2d ./Core/Src/global.o
 .ARM.attributes
                0x00000000000000d1       0x2d ./Core/Src/main.o
 .ARM.attributes
                0x00000000000000fe       0x2d ./Core/Src/software_timer.o
 .ARM.attributes
                0x000000000000012b       0x2d ./Core/Src/stm32f1xx_hal_msp.o
 .ARM.attributes
                0x0000000000000158       0x2d ./Core/Src/stm32f1xx_it.o
 .ARM.attributes
                0x0000000000000185       0x2d ./Core/Src/system_stm32f1xx.o
 .ARM.attributes
                0x00000000000001b2       0x21 ./Core/Startup/startup_stm32f103c6tx.o
 .ARM.attributes
                0x00000000000001d3       0x2d ./Drivers/STM32F1xx_HAL_Driver/Src/stm32f1xx_hal.o
 .ARM.attributes
                0x0000000000000200       0x2d ./Drivers/STM32F1xx_HAL_Driver/Src/stm32f1xx_hal_cortex.o
 .ARM.attributes
                0x000000000000022d       0x2d ./Drivers/STM32F1xx_HAL_Driver/Src/stm32f1xx_hal_gpio.o
 .ARM.attributes
                0x000000000000025a       0x2d ./Drivers/STM32F1xx_HAL_Driver/Src/stm32f1xx_hal_rcc.o
 .ARM.attributes
                0x0000000000000287       0x2d ./Drivers/STM32F1xx_HAL_Driver/Src/stm32f1xx_hal_tim.o
 .ARM.attributes
                0x00000000000002b4       0x2d ./Drivers/STM32F1xx_HAL_Driver/Src/stm32f1xx_hal_tim_ex.o
 .ARM.attributes
                0x00000000000002e1       0x2d d:/stm32cubeide_1.7.0/stm32cubeide/plugins/com.st.stm32cube.ide.mcu.externaltools.gnu-tools-for-stm32.9-2020-q2-update.win32_2.0.0.202105311346/tools/bin/../lib/gcc/arm-none-eabi/9.3.1/../../../../arm-none-eabi/lib/thumb/v7-m/nofp\libc_nano.a(lib_a-init.o)
 .ARM.attributes
                0x000000000000030e       0x2d d:/stm32cubeide_1.7.0/stm32cubeide/plugins/com.st.stm32cube.ide.mcu.externaltools.gnu-tools-for-stm32.9-2020-q2-update.win32_2.0.0.202105311346/tools/bin/../lib/gcc/arm-none-eabi/9.3.1/../../../../arm-none-eabi/lib/thumb/v7-m/nofp\libc_nano.a(lib_a-memset.o)
 .ARM.attributes
                0x000000000000033b       0x1d d:/stm32cubeide_1.7.0/stm32cubeide/plugins/com.st.stm32cube.ide.mcu.externaltools.gnu-tools-for-stm32.9-2020-q2-update.win32_2.0.0.202105311346/tools/bin/../lib/gcc/arm-none-eabi/9.3.1/thumb/v7-m/nofp/crtn.o
OUTPUT(Midterm.elf elf32-littlearm)
LOAD linker stubs
LOAD d:/stm32cubeide_1.7.0/stm32cubeide/plugins/com.st.stm32cube.ide.mcu.externaltools.gnu-tools-for-stm32.9-2020-q2-update.win32_2.0.0.202105311346/tools/bin/../lib/gcc/arm-none-eabi/9.3.1/../../../../arm-none-eabi/lib/thumb/v7-m/nofp\libc.a
LOAD d:/stm32cubeide_1.7.0/stm32cubeide/plugins/com.st.stm32cube.ide.mcu.externaltools.gnu-tools-for-stm32.9-2020-q2-update.win32_2.0.0.202105311346/tools/bin/../lib/gcc/arm-none-eabi/9.3.1/../../../../arm-none-eabi/lib/thumb/v7-m/nofp\libm.a
LOAD d:/stm32cubeide_1.7.0/stm32cubeide/plugins/com.st.stm32cube.ide.mcu.externaltools.gnu-tools-for-stm32.9-2020-q2-update.win32_2.0.0.202105311346/tools/bin/../lib/gcc/arm-none-eabi/9.3.1/thumb/v7-m/nofp\libgcc.a

.debug_info     0x0000000000000000     0x8b4c
 .debug_info    0x0000000000000000      0x377 ./Core/Src/button.o
 .debug_info    0x0000000000000377      0x226 ./Core/Src/fsm.o
 .debug_info    0x000000000000059d      0x279 ./Core/Src/global.o
 .debug_info    0x0000000000000816      0xbf6 ./Core/Src/main.o
 .debug_info    0x000000000000140c       0xf5 ./Core/Src/software_timer.o
 .debug_info    0x0000000000001501      0xa04 ./Core/Src/stm32f1xx_hal_msp.o
 .debug_info    0x0000000000001f05      0x7b4 ./Core/Src/stm32f1xx_it.o
 .debug_info    0x00000000000026b9      0x2be ./Core/Src/system_stm32f1xx.o
 .debug_info    0x0000000000002977       0x22 ./Core/Startup/startup_stm32f103c6tx.o
 .debug_info    0x0000000000002999      0x74c ./Drivers/STM32F1xx_HAL_Driver/Src/stm32f1xx_hal.o
 .debug_info    0x00000000000030e5      0xbbe ./Drivers/STM32F1xx_HAL_Driver/Src/stm32f1xx_hal_cortex.o
 .debug_info    0x0000000000003ca3      0x701 ./Drivers/STM32F1xx_HAL_Driver/Src/stm32f1xx_hal_gpio.o
 .debug_info    0x00000000000043a4      0x88e ./Drivers/STM32F1xx_HAL_Driver/Src/stm32f1xx_hal_rcc.o
 .debug_info    0x0000000000004c32     0x2a45 ./Drivers/STM32F1xx_HAL_Driver/Src/stm32f1xx_hal_tim.o
 .debug_info    0x0000000000007677     0x14d5 ./Drivers/STM32F1xx_HAL_Driver/Src/stm32f1xx_hal_tim_ex.o

.debug_abbrev   0x0000000000000000     0x18d1
 .debug_abbrev  0x0000000000000000      0x13f ./Core/Src/button.o
 .debug_abbrev  0x000000000000013f       0xd8 ./Core/Src/fsm.o
 .debug_abbrev  0x0000000000000217      0x12a ./Core/Src/global.o
 .debug_abbrev  0x0000000000000341      0x22c ./Core/Src/main.o
 .debug_abbrev  0x000000000000056d       0xb8 ./Core/Src/software_timer.o
 .debug_abbrev  0x0000000000000625      0x1b7 ./Core/Src/stm32f1xx_hal_msp.o
 .debug_abbrev  0x00000000000007dc      0x176 ./Core/Src/stm32f1xx_it.o
 .debug_abbrev  0x0000000000000952      0x14e ./Core/Src/system_stm32f1xx.o
 .debug_abbrev  0x0000000000000aa0       0x12 ./Core/Startup/startup_stm32f103c6tx.o
 .debug_abbrev  0x0000000000000ab2      0x1ed ./Drivers/STM32F1xx_HAL_Driver/Src/stm32f1xx_hal.o
 .debug_abbrev  0x0000000000000c9f      0x313 ./Drivers/STM32F1xx_HAL_Driver/Src/stm32f1xx_hal_cortex.o
 .debug_abbrev  0x0000000000000fb2      0x1e8 ./Drivers/STM32F1xx_HAL_Driver/Src/stm32f1xx_hal_gpio.o
 .debug_abbrev  0x000000000000119a      0x273 ./Drivers/STM32F1xx_HAL_Driver/Src/stm32f1xx_hal_rcc.o
 .debug_abbrev  0x000000000000140d      0x25e ./Drivers/STM32F1xx_HAL_Driver/Src/stm32f1xx_hal_tim.o
 .debug_abbrev  0x000000000000166b      0x266 ./Drivers/STM32F1xx_HAL_Driver/Src/stm32f1xx_hal_tim_ex.o

.debug_aranges  0x0000000000000000      0x9e8
 .debug_aranges
                0x0000000000000000       0x38 ./Core/Src/button.o
 .debug_aranges
                0x0000000000000038       0x28 ./Core/Src/fsm.o
 .debug_aranges
                0x0000000000000060       0x28 ./Core/Src/global.o
 .debug_aranges
                0x0000000000000088       0x48 ./Core/Src/main.o
 .debug_aranges
                0x00000000000000d0       0x30 ./Core/Src/software_timer.o
 .debug_aranges
                0x0000000000000100       0x30 ./Core/Src/stm32f1xx_hal_msp.o
 .debug_aranges
                0x0000000000000130       0x68 ./Core/Src/stm32f1xx_it.o
 .debug_aranges
                0x0000000000000198       0x28 ./Core/Src/system_stm32f1xx.o
 .debug_aranges
                0x00000000000001c0       0x28 ./Core/Startup/startup_stm32f103c6tx.o
 .debug_aranges
                0x00000000000001e8       0xe0 ./Drivers/STM32F1xx_HAL_Driver/Src/stm32f1xx_hal.o
 .debug_aranges
                0x00000000000002c8      0x100 ./Drivers/STM32F1xx_HAL_Driver/Src/stm32f1xx_hal_cortex.o
 .debug_aranges
                0x00000000000003c8       0x58 ./Drivers/STM32F1xx_HAL_Driver/Src/stm32f1xx_hal_gpio.o
 .debug_aranges
                0x0000000000000420       0x90 ./Drivers/STM32F1xx_HAL_Driver/Src/stm32f1xx_hal_rcc.o
 .debug_aranges
                0x00000000000004b0      0x3d0 ./Drivers/STM32F1xx_HAL_Driver/Src/stm32f1xx_hal_tim.o
 .debug_aranges
                0x0000000000000880      0x168 ./Drivers/STM32F1xx_HAL_Driver/Src/stm32f1xx_hal_tim_ex.o

.debug_ranges   0x0000000000000000      0x900
 .debug_ranges  0x0000000000000000       0x28 ./Core/Src/button.o
 .debug_ranges  0x0000000000000028       0x18 ./Core/Src/fsm.o
 .debug_ranges  0x0000000000000040       0x18 ./Core/Src/global.o
 .debug_ranges  0x0000000000000058       0x38 ./Core/Src/main.o
 .debug_ranges  0x0000000000000090       0x20 ./Core/Src/software_timer.o
 .debug_ranges  0x00000000000000b0       0x20 ./Core/Src/stm32f1xx_hal_msp.o
 .debug_ranges  0x00000000000000d0       0x58 ./Core/Src/stm32f1xx_it.o
 .debug_ranges  0x0000000000000128       0x18 ./Core/Src/system_stm32f1xx.o
 .debug_ranges  0x0000000000000140       0x20 ./Core/Startup/startup_stm32f103c6tx.o
 .debug_ranges  0x0000000000000160       0xd0 ./Drivers/STM32F1xx_HAL_Driver/Src/stm32f1xx_hal.o
 .debug_ranges  0x0000000000000230       0xf0 ./Drivers/STM32F1xx_HAL_Driver/Src/stm32f1xx_hal_cortex.o
 .debug_ranges  0x0000000000000320       0x48 ./Drivers/STM32F1xx_HAL_Driver/Src/stm32f1xx_hal_gpio.o
 .debug_ranges  0x0000000000000368       0x80 ./Drivers/STM32F1xx_HAL_Driver/Src/stm32f1xx_hal_rcc.o
 .debug_ranges  0x00000000000003e8      0x3c0 ./Drivers/STM32F1xx_HAL_Driver/Src/stm32f1xx_hal_tim.o
 .debug_ranges  0x00000000000007a8      0x158 ./Drivers/STM32F1xx_HAL_Driver/Src/stm32f1xx_hal_tim_ex.o

.debug_macro    0x0000000000000000    0x16848
 .debug_macro   0x0000000000000000      0x1cf ./Core/Src/button.o
 .debug_macro   0x00000000000001cf      0xa9c ./Core/Src/button.o
 .debug_macro   0x0000000000000c6b      0x215 ./Core/Src/button.o
 .debug_macro   0x0000000000000e80       0x2e ./Core/Src/button.o
 .debug_macro   0x0000000000000eae       0x22 ./Core/Src/button.o
 .debug_macro   0x0000000000000ed0       0x22 ./Core/Src/button.o
 .debug_macro   0x0000000000000ef2       0x8e ./Core/Src/button.o
 .debug_macro   0x0000000000000f80       0x51 ./Core/Src/button.o
 .debug_macro   0x0000000000000fd1      0x103 ./Core/Src/button.o
 .debug_macro   0x00000000000010d4       0x6a ./Core/Src/button.o
 .debug_macro   0x000000000000113e      0x1df ./Core/Src/button.o
 .debug_macro   0x000000000000131d       0x1c ./Core/Src/button.o
 .debug_macro   0x0000000000001339       0x22 ./Core/Src/button.o
 .debug_macro   0x000000000000135b       0xc3 ./Core/Src/button.o
 .debug_macro   0x000000000000141e      0xd23 ./Core/Src/button.o
 .debug_macro   0x0000000000002141     0xde75 ./Core/Src/button.o
 .debug_macro   0x000000000000ffb6       0x6d ./Core/Src/button.o
 .debug_macro   0x0000000000010023     0x3468 ./Core/Src/button.o
 .debug_macro   0x000000000001348b      0x174 ./Core/Src/button.o
 .debug_macro   0x00000000000135ff       0x5c ./Core/Src/button.o
 .debug_macro   0x000000000001365b      0x5be ./Core/Src/button.o
 .debug_macro   0x0000000000013c19      0x1b7 ./Core/Src/button.o
 .debug_macro   0x0000000000013dd0      0x1cb ./Core/Src/button.o
 .debug_macro   0x0000000000013f9b      0x114 ./Core/Src/button.o
 .debug_macro   0x00000000000140af      0x1b2 ./Core/Src/button.o
 .debug_macro   0x0000000000014261       0x27 ./Core/Src/button.o
 .debug_macro   0x0000000000014288      0x12f ./Core/Src/button.o
 .debug_macro   0x00000000000143b7      0x1bc ./Core/Src/button.o
 .debug_macro   0x0000000000014573       0x34 ./Core/Src/button.o
 .debug_macro   0x00000000000145a7       0x3c ./Core/Src/button.o
 .debug_macro   0x00000000000145e3       0x57 ./Core/Src/button.o
 .debug_macro   0x000000000001463a       0x88 ./Core/Src/button.o
 .debug_macro   0x00000000000146c2      0x183 ./Core/Src/button.o
 .debug_macro   0x0000000000014845      0x141 ./Core/Src/button.o
 .debug_macro   0x0000000000014986      0x8d1 ./Core/Src/button.o
 .debug_macro   0x0000000000015257       0x69 ./Core/Src/button.o
 .debug_macro   0x00000000000152c0       0x88 ./Core/Src/button.o
 .debug_macro   0x0000000000015348       0x10 ./Core/Src/button.o
 .debug_macro   0x0000000000015358       0x22 ./Core/Src/button.o
 .debug_macro   0x000000000001537a      0x1ce ./Core/Src/fsm.o
 .debug_macro   0x0000000000015548       0x1c ./Core/Src/fsm.o
 .debug_macro   0x0000000000015564      0x1ba ./Core/Src/global.o
 .debug_macro   0x000000000001571e      0x1d7 ./Core/Src/main.o
 .debug_macro   0x00000000000158f5       0x16 ./Core/Src/main.o
 .debug_macro   0x000000000001590b       0x1b ./Core/Src/software_timer.o
 .debug_macro   0x0000000000015926      0x1a7 ./Core/Src/stm32f1xx_hal_msp.o
 .debug_macro   0x0000000000015acd      0x1b1 ./Core/Src/stm32f1xx_it.o
 .debug_macro   0x0000000000015c7e      0x198 ./Core/Src/system_stm32f1xx.o
 .debug_macro   0x0000000000015e16      0x1bc ./Drivers/STM32F1xx_HAL_Driver/Src/stm32f1xx_hal.o
 .debug_macro   0x0000000000015fd2      0x198 ./Drivers/STM32F1xx_HAL_Driver/Src/stm32f1xx_hal_cortex.o
 .debug_macro   0x000000000001616a      0x203 ./Drivers/STM32F1xx_HAL_Driver/Src/stm32f1xx_hal_gpio.o
 .debug_macro   0x000000000001636d      0x1aa ./Drivers/STM32F1xx_HAL_Driver/Src/stm32f1xx_hal_rcc.o
 .debug_macro   0x0000000000016517      0x199 ./Drivers/STM32F1xx_HAL_Driver/Src/stm32f1xx_hal_tim.o
 .debug_macro   0x00000000000166b0      0x198 ./Drivers/STM32F1xx_HAL_Driver/Src/stm32f1xx_hal_tim_ex.o

.debug_line     0x0000000000000000     0xa7c9
 .debug_line    0x0000000000000000      0x770 ./Core/Src/button.o
 .debug_line    0x0000000000000770      0x6d5 ./Core/Src/fsm.o
 .debug_line    0x0000000000000e45      0x6c8 ./Core/Src/global.o
 .debug_line    0x000000000000150d      0x7dc ./Core/Src/main.o
 .debug_line    0x0000000000001ce9       0xd7 ./Core/Src/software_timer.o
 .debug_line    0x0000000000001dc0      0x695 ./Core/Src/stm32f1xx_hal_msp.o
 .debug_line    0x0000000000002455      0x733 ./Core/Src/stm32f1xx_it.o
 .debug_line    0x0000000000002b88      0x6d7 ./Core/Src/system_stm32f1xx.o
 .debug_line    0x000000000000325f       0x87 ./Core/Startup/startup_stm32f103c6tx.o
 .debug_line    0x00000000000032e6      0x904 ./Drivers/STM32F1xx_HAL_Driver/Src/stm32f1xx_hal.o
 .debug_line    0x0000000000003bea      0xaec ./Drivers/STM32F1xx_HAL_Driver/Src/stm32f1xx_hal_cortex.o
 .debug_line    0x00000000000046d6      0x985 ./Drivers/STM32F1xx_HAL_Driver/Src/stm32f1xx_hal_gpio.o
 .debug_line    0x000000000000505b      0xd12 ./Drivers/STM32F1xx_HAL_Driver/Src/stm32f1xx_hal_rcc.o
 .debug_line    0x0000000000005d6d     0x3262 ./Drivers/STM32F1xx_HAL_Driver/Src/stm32f1xx_hal_tim.o
 .debug_line    0x0000000000008fcf     0x17fa ./Drivers/STM32F1xx_HAL_Driver/Src/stm32f1xx_hal_tim_ex.o

.debug_str      0x0000000000000000    0x81ee3
 .debug_str     0x0000000000000000    0x7f4bc ./Core/Src/button.o
                                      0x7f816 (size before relaxing)
 .debug_str     0x000000000007f4bc       0x96 ./Core/Src/fsm.o
                                      0x7f740 (size before relaxing)
 .debug_str     0x000000000007f552       0x2c ./Core/Src/global.o
                                      0x7f6fb (size before relaxing)
 .debug_str     0x000000000007f57e      0x6df ./Core/Src/main.o
                                      0x7ff1f (size before relaxing)
 .debug_str     0x000000000007fc5d       0x44 ./Core/Src/software_timer.o
                                       0x2def (size before relaxing)
 .debug_str     0x000000000007fca1      0x2ba ./Core/Src/stm32f1xx_hal_msp.o
                                      0x7fe70 (size before relaxing)
 .debug_str     0x000000000007ff5b       0xcd ./Core/Src/stm32f1xx_it.o
                                      0x7fbd2 (size before relaxing)
 .debug_str     0x0000000000080028       0x52 ./Core/Src/system_stm32f1xx.o
                                      0x7f4fa (size before relaxing)
 .debug_str     0x000000000008007a       0x36 ./Core/Startup/startup_stm32f103c6tx.o
                                         0x65 (size before relaxing)
 .debug_str     0x00000000000800b0      0x304 ./Drivers/STM32F1xx_HAL_Driver/Src/stm32f1xx_hal.o
                                      0x7fb51 (size before relaxing)
 .debug_str     0x00000000000803b4      0x300 ./Drivers/STM32F1xx_HAL_Driver/Src/stm32f1xx_hal_cortex.o
                                      0x7fb59 (size before relaxing)
 .debug_str     0x00000000000806b4      0x324 ./Drivers/STM32F1xx_HAL_Driver/Src/stm32f1xx_hal_gpio.o
                                      0x7f8be (size before relaxing)
 .debug_str     0x00000000000809d8      0x24f ./Drivers/STM32F1xx_HAL_Driver/Src/stm32f1xx_hal_rcc.o
                                      0x7f8f7 (size before relaxing)
 .debug_str     0x0000000000080c27      0xdce ./Drivers/STM32F1xx_HAL_Driver/Src/stm32f1xx_hal_tim.o
                                      0x808c9 (size before relaxing)
 .debug_str     0x00000000000819f5      0x4ee ./Drivers/STM32F1xx_HAL_Driver/Src/stm32f1xx_hal_tim_ex.o
                                      0x8007a (size before relaxing)

.comment        0x0000000000000000       0x53
 .comment       0x0000000000000000       0x53 ./Core/Src/button.o
                                         0x54 (size before relaxing)
 .comment       0x0000000000000053       0x54 ./Core/Src/fsm.o
 .comment       0x0000000000000053       0x54 ./Core/Src/global.o
 .comment       0x0000000000000053       0x54 ./Core/Src/main.o
 .comment       0x0000000000000053       0x54 ./Core/Src/software_timer.o
 .comment       0x0000000000000053       0x54 ./Core/Src/stm32f1xx_hal_msp.o
 .comment       0x0000000000000053       0x54 ./Core/Src/stm32f1xx_it.o
 .comment       0x0000000000000053       0x54 ./Core/Src/system_stm32f1xx.o
 .comment       0x0000000000000053       0x54 ./Drivers/STM32F1xx_HAL_Driver/Src/stm32f1xx_hal.o
 .comment       0x0000000000000053       0x54 ./Drivers/STM32F1xx_HAL_Driver/Src/stm32f1xx_hal_cortex.o
 .comment       0x0000000000000053       0x54 ./Drivers/STM32F1xx_HAL_Driver/Src/stm32f1xx_hal_gpio.o
 .comment       0x0000000000000053       0x54 ./Drivers/STM32F1xx_HAL_Driver/Src/stm32f1xx_hal_rcc.o
 .comment       0x0000000000000053       0x54 ./Drivers/STM32F1xx_HAL_Driver/Src/stm32f1xx_hal_tim.o
 .comment       0x0000000000000053       0x54 ./Drivers/STM32F1xx_HAL_Driver/Src/stm32f1xx_hal_tim_ex.o

.debug_frame    0x0000000000000000     0x2780
 .debug_frame   0x0000000000000000       0x94 ./Core/Src/button.o
 .debug_frame   0x0000000000000094       0x48 ./Core/Src/fsm.o
 .debug_frame   0x00000000000000dc       0x58 ./Core/Src/global.o
 .debug_frame   0x0000000000000134       0xd4 ./Core/Src/main.o
 .debug_frame   0x0000000000000208       0x80 ./Core/Src/software_timer.o
 .debug_frame   0x0000000000000288       0x80 ./Core/Src/stm32f1xx_hal_msp.o
 .debug_frame   0x0000000000000308      0x120 ./Core/Src/stm32f1xx_it.o
 .debug_frame   0x0000000000000428       0x58 ./Core/Src/system_stm32f1xx.o
 .debug_frame   0x0000000000000480      0x334 ./Drivers/STM32F1xx_HAL_Driver/Src/stm32f1xx_hal.o
 .debug_frame   0x00000000000007b4      0x428 ./Drivers/STM32F1xx_HAL_Driver/Src/stm32f1xx_hal_cortex.o
 .debug_frame   0x0000000000000bdc      0x14c ./Drivers/STM32F1xx_HAL_Driver/Src/stm32f1xx_hal_gpio.o
 .debug_frame   0x0000000000000d28      0x21c ./Drivers/STM32F1xx_HAL_Driver/Src/stm32f1xx_hal_rcc.o
 .debug_frame   0x0000000000000f44     0x11b8 ./Drivers/STM32F1xx_HAL_Driver/Src/stm32f1xx_hal_tim.o
 .debug_frame   0x00000000000020fc      0x638 ./Drivers/STM32F1xx_HAL_Driver/Src/stm32f1xx_hal_tim_ex.o
 .debug_frame   0x0000000000002734       0x2c d:/stm32cubeide_1.7.0/stm32cubeide/plugins/com.st.stm32cube.ide.mcu.externaltools.gnu-tools-for-stm32.9-2020-q2-update.win32_2.0.0.202105311346/tools/bin/../lib/gcc/arm-none-eabi/9.3.1/../../../../arm-none-eabi/lib/thumb/v7-m/nofp\libc_nano.a(lib_a-init.o)
 .debug_frame   0x0000000000002760       0x20 d:/stm32cubeide_1.7.0/stm32cubeide/plugins/com.st.stm32cube.ide.mcu.externaltools.gnu-tools-for-stm32.9-2020-q2-update.win32_2.0.0.202105311346/tools/bin/../lib/gcc/arm-none-eabi/9.3.1/../../../../arm-none-eabi/lib/thumb/v7-m/nofp\libc_nano.a(lib_a-memset.o)
